../Core/Src/nrf24l01p.c:39:9:NRF24_GetStatus	8	static
../Core/Src/nrf24l01p.c:44:8:NRF24_GetRSSI	16	static
../Core/Src/nrf24l01p.c:50:9:NRF24_GetRetransmits	16	static
../Core/Src/nrf24l01p.c:55:7:NRF24_GetLinkQuality	16	static
../Core/Src/nrf24l01p.c:60:6:NRF24_DebugLinkStatus	32	static
../Core/Src/nrf24l01p.c:74:6:CS_Select	8	static
../Core/Src/nrf24l01p.c:79:6:CS_UnSelect	8	static
../Core/Src/nrf24l01p.c:85:6:CE_Enable	8	static
../Core/Src/nrf24l01p.c:90:6:CE_Disable	8	static
../Core/Src/nrf24l01p.c:98:6:nrf24_WriteReg	24	static
../Core/Src/nrf24l01p.c:114:6:nrf24_WriteRegMulti	32	static
../Core/Src/nrf24l01p.c:131:9:nrf24_ReadReg	24	static
../Core/Src/nrf24l01p.c:149:6:nrf24_ReadReg_Multi	24	static
../Core/Src/nrf24l01p.c:163:6:nrfsendCmd	16	static
../Core/Src/nrf24l01p.c:174:6:nrf24_reset	40	static
../Core/Src/nrf24l01p.c:223:6:NRF24_Init	8	static
../Core/Src/nrf24l01p.c:248:6:NRF24_TxMode	24	static
../Core/Src/nrf24l01p.c:269:9:NRF24_Transmit	24	static
../Core/Src/nrf24l01p.c:301:6:NRF24_RxMode	24	static
../Core/Src/nrf24l01p.c:341:9:isDataAvailable	24	static
../Core/Src/nrf24l01p.c:357:6:NRF24_Receive	24	static
../Core/Src/nrf24l01p.c:383:6:NRF24_ReadAll	32	static
